// Jest Snapshot v1, https://goo.gl/fbAQLP

exports[`matches the snapshot 1`] = `
<div
  className="about container-fluid"
>
  <div
    className="__react_component_tooltip place-bottom type-dark"
    data-id="tooltip"
  />
  <div
    className="col"
  >
    <div
      className="row"
    >
      <h2>
        About Me
      </h2>
    </div>
    <div
      className="col"
    >
      <div
        className="row"
      >
        <div
          className="col-sm-2"
        >
          <img
            alt="profile"
            src="about.png"
          />
        </div>
      </div>
      <div
        className="row"
      >
        <div
          className="col-sm-6"
        >
          <div
            className="row"
          >
            <div
              className="row"
            >
              <p>
                Hey! I'm Sean, a Software Engineer at Square.
              </p>
            </div>
            <div
              className="row"
            >
              <p>
                In my spare time, you can find me
                 
                <a
                  href="https://bit.ly/instagram-seanprashad"
                  onClick={[Function]}
                  target="instagram"
                >
                  <strong>
                    training
                  </strong>
                </a>
                , swimming, cooking, or doing handy work around the house.
              </p>
            </div>
          </div>
        </div>
      </div>
    </div>
  </div>
</div>
`;
